// Jest Snapshot v1, https://goo.gl/fbAQLP

exports[`renders correctly 1`] = `
<View
  accessible={true}
  focusable={false}
  onClick={[Function]}
  onResponderGrant={[Function]}
  onResponderMove={[Function]}
  onResponderRelease={[Function]}
  onResponderTerminate={[Function]}
  onResponderTerminationRequest={[Function]}
  onStartShouldSetResponder={[Function]}
  style={
    Object {
      "alignItems": "center",
      "flexDirection": "row",
      "justifyContent": "flex-start",
      "marginLeft": 8,
      "opacity": 1,
    }
  }
>
  <Icon
    name="ios-arrow-back"
    size={30}
    style={
      Object {
        "color": "#0066ff",
        "marginRight": 8,
        "top": 2,
      }
    }
  />
  <Text
    style={
      Object {
        "color": "#0066ff",
        "fontSize": 16,
      }
    }
  >
    back
  </Text>
</View>
`;
